// Jest Snapshot v1, https://goo.gl/fbAQLP

exports[`image card Should render correctly 1`] = `
Object {
  "asFragment": [Function],
  "baseElement": <body>
    <div>
      <div
        class="pb-4 break-inside"
      >
        <span
          style="box-sizing: border-box; display: block; overflow: hidden; background: none; opacity: 1; border: 0px; margin: 0px; padding: 0px; position: relative;"
        >
          <span
            style="box-sizing: border-box; display: block; background: none; opacity: 1; border: 0px; margin: 0px; padding: 100% 0px 0px 0px;"
          />
          <img
            alt="Picture of the author"
            class="object-contain rounded-lg shadow hover:brightness-50 cursor-zoom-in"
            data-nimg="responsive"
            decoding="async"
            src="data:image/gif;base64,R0lGODlhAQABAIAAAAAAAP///yH5BAEAAAAALAAAAAABAAEAAAIBRAA7"
            style="position: absolute; top: 0px; left: 0px; bottom: 0px; right: 0px; box-sizing: border-box; padding: 0px; margin: auto; display: block; width: 0px; height: 0px; min-width: 100%; max-width: 100%; min-height: 100%; max-height: 100%; filter: blur(20px); background-size: cover; background-image: url(data:image/png;base64,iVBORw0KGgoAAAANSUhEUgAAASwAAAEsBAMAAACLU5NGAAAAG1BMVEXMzMyWlpacnJyqqqrFxcWxsbGjo6O3t7e+vr6He3KoAAAACXBIWXMAAA7EAAAOxAGVKw4bAAAD90lEQVR4nO3cwW+bSBQH4AcGw5HnJDhHaN3dHO1su9ojNGnPtrUb7dFuIiVHnEo5263Uv3vfGwab1myVA5DV6vcpgeD35HmeGYbJxUQAAAAAAAAAAAAAAAAAAAAAAAAAAAAAAAAAAAAAAAAAAAAAAAAAAAAAAD/zOb3N5BRexlu9/Jo+NCQFl/HbWrRK7s6Amcdy3jCfaftyOT/OmsnLxSFqkzu04Ns1Z+RxPOMtUc63fH6U5HP8O5/uo1Vyh9IJhTylwSjz0pV0y4Tex0dJ7iij3ck+WiV3J9RPvVhRLgO5O5V+KOSl7MesnXSRH++jNrlDAWurEW0i6ZOz8jI9mlwaDXkftckd8nXEdgnNVjI2sf6Q+VvLSMiMHJnupHC0j9rkrmlL87Lhs7JK86oM1fowVFq0jdrkjn2QKbMuTEvD8aGsfCQ9th9PbzHeR21yt1KWkUq3et+Tq4tDHpnXfZ67+7Zdltu1itrkbrEuRWVLWdmwHbl0shlXSQ7LLVtFbXLXZUmLphHOHK3IsWVtTg6Lk6PFV1Gb3G1Z9I1Xjb015NpSHq7jfntL7reoaW7JhD+pJQ2537llVuyGO1Em17iWJMt7f3ei/zeZcdGlKLDr1saW5XPV9F9bM2pV1CZ3yDxDZFx0HZcF0z+s8rpwVcuWPo5k1KqoTe7QwD58mp6Js/PUTn4tVEatx2ei3lAzu4M4t3uErQl5PN3YOb84NR+gitrkDnl8J51QNO23hjLH7SqQxxnp0trbfotmo9t0RE27U9k9hFw2PuBfLnVD0d/u9KMs8hNq2svrxFqXJXprZtmg9riXp5v0jTRI4afyn5lv1X8+gRaQ22XA/zT6sxatkgEAAAAAAAAAAAAAAAAAAAAAAAAAAAAAAAAAAAAAAAAAAAD65tjf/5gXLYtHb/8l8kNZkVw5zEwjIjei8ru7rtJ7/YqcO3ISorTFsiLvt+eXZY7xlp5sWd6b7KscrpeZ80DBus2y6D1dviY3C+QP/9WUnGWkp8GrhZa1fE3DQiK1ssYrurdlDeblwZ86TzTctFuWf/dxPihy+kw31+/IuTOnm2v98I6EwoTe1cuKLsLEluVm5cFLHHf7pc2JKIPoZl4STpfFHzSRfnEyc5pQrmVJiO7l13yRHpdlPQ0LW5ZTHSInWN23WZZMedMJycUq0aa1FT1F1dyK6MugoHpvuY903Fv0a9Jqb+n7apesHlY0KSvRU6233CV9V5Z/RsdzixbzlsvSuUXL4nFOT9mVtq2nw9yiYPx9WebCHGt3IrW7yOnby51IuyzPKEgv9M31dLgTKUgayioH+oqrdavlsp5hWPTb3jM9vnQBjZyLl64AAP43/gHVSaMe2vmdiAAAAABJRU5ErkJggg==); background-position: 0% 0%;"
          />
          <noscript />
        </span>
      </div>
    </div>
  </body>,
  "container": <div>
    <div
      class="pb-4 break-inside"
    >
      <span
        style="box-sizing: border-box; display: block; overflow: hidden; background: none; opacity: 1; border: 0px; margin: 0px; padding: 0px; position: relative;"
      >
        <span
          style="box-sizing: border-box; display: block; background: none; opacity: 1; border: 0px; margin: 0px; padding: 100% 0px 0px 0px;"
        />
        <img
          alt="Picture of the author"
          class="object-contain rounded-lg shadow hover:brightness-50 cursor-zoom-in"
          data-nimg="responsive"
          decoding="async"
          src="data:image/gif;base64,R0lGODlhAQABAIAAAAAAAP///yH5BAEAAAAALAAAAAABAAEAAAIBRAA7"
          style="position: absolute; top: 0px; left: 0px; bottom: 0px; right: 0px; box-sizing: border-box; padding: 0px; margin: auto; display: block; width: 0px; height: 0px; min-width: 100%; max-width: 100%; min-height: 100%; max-height: 100%; filter: blur(20px); background-size: cover; background-image: url(data:image/png;base64,iVBORw0KGgoAAAANSUhEUgAAASwAAAEsBAMAAACLU5NGAAAAG1BMVEXMzMyWlpacnJyqqqrFxcWxsbGjo6O3t7e+vr6He3KoAAAACXBIWXMAAA7EAAAOxAGVKw4bAAAD90lEQVR4nO3cwW+bSBQH4AcGw5HnJDhHaN3dHO1su9ojNGnPtrUb7dFuIiVHnEo5263Uv3vfGwab1myVA5DV6vcpgeD35HmeGYbJxUQAAAAAAAAAAAAAAAAAAAAAAAAAAAAAAAAAAAAAAAAAAAAAAAAAAAAAAD/zOb3N5BRexlu9/Jo+NCQFl/HbWrRK7s6Amcdy3jCfaftyOT/OmsnLxSFqkzu04Ns1Z+RxPOMtUc63fH6U5HP8O5/uo1Vyh9IJhTylwSjz0pV0y4Tex0dJ7iij3ck+WiV3J9RPvVhRLgO5O5V+KOSl7MesnXSRH++jNrlDAWurEW0i6ZOz8jI9mlwaDXkftckd8nXEdgnNVjI2sf6Q+VvLSMiMHJnupHC0j9rkrmlL87Lhs7JK86oM1fowVFq0jdrkjn2QKbMuTEvD8aGsfCQ9th9PbzHeR21yt1KWkUq3et+Tq4tDHpnXfZ67+7Zdltu1itrkbrEuRWVLWdmwHbl0shlXSQ7LLVtFbXLXZUmLphHOHK3IsWVtTg6Lk6PFV1Gb3G1Z9I1Xjb015NpSHq7jfntL7reoaW7JhD+pJQ2537llVuyGO1Em17iWJMt7f3ei/zeZcdGlKLDr1saW5XPV9F9bM2pV1CZ3yDxDZFx0HZcF0z+s8rpwVcuWPo5k1KqoTe7QwD58mp6Js/PUTn4tVEatx2ei3lAzu4M4t3uErQl5PN3YOb84NR+gitrkDnl8J51QNO23hjLH7SqQxxnp0trbfotmo9t0RE27U9k9hFw2PuBfLnVD0d/u9KMs8hNq2svrxFqXJXprZtmg9riXp5v0jTRI4afyn5lv1X8+gRaQ22XA/zT6sxatkgEAAAAAAAAAAAAAAAAAAAAAAAAAAAAAAAAAAAAAAAAAAAD65tjf/5gXLYtHb/8l8kNZkVw5zEwjIjei8ru7rtJ7/YqcO3ISorTFsiLvt+eXZY7xlp5sWd6b7KscrpeZ80DBus2y6D1dviY3C+QP/9WUnGWkp8GrhZa1fE3DQiK1ssYrurdlDeblwZ86TzTctFuWf/dxPihy+kw31+/IuTOnm2v98I6EwoTe1cuKLsLEluVm5cFLHHf7pc2JKIPoZl4STpfFHzSRfnEyc5pQrmVJiO7l13yRHpdlPQ0LW5ZTHSInWN23WZZMedMJycUq0aa1FT1F1dyK6MugoHpvuY903Fv0a9Jqb+n7apesHlY0KSvRU6233CV9V5Z/RsdzixbzlsvSuUXL4nFOT9mVtq2nw9yiYPx9WebCHGt3IrW7yOnby51IuyzPKEgv9M31dLgTKUgayioH+oqrdavlsp5hWPTb3jM9vnQBjZyLl64AAP43/gHVSaMe2vmdiAAAAABJRU5ErkJggg==); background-position: 0% 0%;"
        />
        <noscript />
      </span>
    </div>
  </div>,
  "debug": [Function],
  "findAllByAltText": [Function],
  "findAllByDisplayValue": [Function],
  "findAllByLabelText": [Function],
  "findAllByPlaceholderText": [Function],
  "findAllByRole": [Function],
  "findAllByTestId": [Function],
  "findAllByText": [Function],
  "findAllByTitle": [Function],
  "findByAltText": [Function],
  "findByDisplayValue": [Function],
  "findByLabelText": [Function],
  "findByPlaceholderText": [Function],
  "findByRole": [Function],
  "findByTestId": [Function],
  "findByText": [Function],
  "findByTitle": [Function],
  "getAllByAltText": [Function],
  "getAllByDisplayValue": [Function],
  "getAllByLabelText": [Function],
  "getAllByPlaceholderText": [Function],
  "getAllByRole": [Function],
  "getAllByTestId": [Function],
  "getAllByText": [Function],
  "getAllByTitle": [Function],
  "getByAltText": [Function],
  "getByDisplayValue": [Function],
  "getByLabelText": [Function],
  "getByPlaceholderText": [Function],
  "getByRole": [Function],
  "getByTestId": [Function],
  "getByText": [Function],
  "getByTitle": [Function],
  "queryAllByAltText": [Function],
  "queryAllByDisplayValue": [Function],
  "queryAllByLabelText": [Function],
  "queryAllByPlaceholderText": [Function],
  "queryAllByRole": [Function],
  "queryAllByTestId": [Function],
  "queryAllByText": [Function],
  "queryAllByTitle": [Function],
  "queryByAltText": [Function],
  "queryByDisplayValue": [Function],
  "queryByLabelText": [Function],
  "queryByPlaceholderText": [Function],
  "queryByRole": [Function],
  "queryByTestId": [Function],
  "queryByText": [Function],
  "queryByTitle": [Function],
  "rerender": [Function],
  "unmount": [Function],
}
`;
